{
  "version": "1.5.0",
  "plugins_used": [
    {
      "name": "ArtifactoryDetector"
    },
    {
      "name": "AWSKeyDetector"
    },
    {
      "name": "AzureStorageKeyDetector"
    },
    {
      "name": "Base64HighEntropyString",
      "limit": 4.5
    },
    {
      "name": "BasicAuthDetector"
    },
    {
      "name": "CloudantDetector"
    },
    {
      "name": "DiscordBotTokenDetector"
    },
    {
      "name": "GitHubTokenDetector"
    },
    {
      "name": "GitLabTokenDetector"
    },
    {
      "name": "HexHighEntropyString",
      "limit": 3.0
    },
    {
      "name": "IbmCloudIamDetector"
    },
    {
      "name": "IbmCosHmacDetector"
    },
    {
      "name": "IPPublicDetector"
    },
    {
      "name": "JwtTokenDetector"
    },
    {
      "name": "KeywordDetector",
      "keyword_exclude": ""
    },
    {
      "name": "MailchimpDetector"
    },
    {
      "name": "NpmDetector"
    },
    {
      "name": "OpenAIDetector"
    },
    {
      "name": "PrivateKeyDetector"
    },
    {
      "name": "PypiTokenDetector"
    },
    {
      "name": "SendGridDetector"
    },
    {
      "name": "SlackDetector"
    },
    {
      "name": "SoftlayerDetector"
    },
    {
      "name": "SquareOAuthDetector"
    },
    {
      "name": "StripeDetector"
    },
    {
      "name": "TelegramBotTokenDetector"
    },
    {
      "name": "TwilioKeyDetector"
    }
  ],
  "filters_used": [
    {
      "path": "detect_secrets.filters.allowlist.is_line_allowlisted"
    },
    {
      "path": "detect_secrets.filters.common.is_baseline_file",
      "filename": ".secrets.baseline"
    },
    {
      "path": "detect_secrets.filters.common.is_ignored_due_to_verification_policies",
      "min_level": 2
    },
    {
      "path": "detect_secrets.filters.heuristic.is_indirect_reference"
    },
    {
      "path": "detect_secrets.filters.heuristic.is_likely_id_string"
    },
    {
      "path": "detect_secrets.filters.heuristic.is_lock_file"
    },
    {
      "path": "detect_secrets.filters.heuristic.is_not_alphanumeric_string"
    },
    {
      "path": "detect_secrets.filters.heuristic.is_potential_uuid"
    },
    {
      "path": "detect_secrets.filters.heuristic.is_prefixed_with_dollar_sign"
    },
    {
      "path": "detect_secrets.filters.heuristic.is_sequential_string"
    },
    {
      "path": "detect_secrets.filters.heuristic.is_swagger_file"
    },
    {
      "path": "detect_secrets.filters.heuristic.is_templated_secret"
    },
    {
      "path": "detect_secrets.filters.regex.should_exclude_file",
      "pattern": [
        "\\.git/|node_modules/|\\.next/|package-lock\\.json|bun\\.lock|Cargo\\.lock|\\.secrets\\.baseline|tsconfig\\.tsbuildinfo|skills/"
      ]
    },
    {
      "path": "detect_secrets.filters.regex.should_exclude_line",
      "pattern": [
        "^\\s*//"
      ]
    }
  ],
  "results": {
    ".env.example": [
      {
        "type": "Basic Auth Credentials",
        "filename": ".env.example",
        "hashed_secret": "2315de3fe74884d799299b8a9ce3a9576b16a5dd",
        "is_verified": false,
        "line_number": 23
      }
    ],
    ".github/workflows/benchmarks.yml": [
      {
        "type": "Secret Keyword",
        "filename": ".github/workflows/benchmarks.yml",
        "hashed_secret": "2315de3fe74884d799299b8a9ce3a9576b16a5dd",
        "is_verified": false,
        "line_number": 65
      },
      {
        "type": "Basic Auth Credentials",
        "filename": ".github/workflows/benchmarks.yml",
        "hashed_secret": "2315de3fe74884d799299b8a9ce3a9576b16a5dd",
        "is_verified": false,
        "line_number": 107
      }
    ],
    "docker-compose.yml": [
      {
        "type": "Secret Keyword",
        "filename": "docker-compose.yml",
        "hashed_secret": "2315de3fe74884d799299b8a9ce3a9576b16a5dd",
        "is_verified": false,
        "line_number": 27
      }
    ],
    "gateway/src/__tests__/lib/utils.test.ts": [
      {
        "type": "Hex High Entropy String",
        "filename": "gateway/src/__tests__/lib/utils.test.ts",
        "hashed_secret": "244f421f896bdcdd2784dccf4eaf7c8dfd5189b5",
        "is_verified": false,
        "line_number": 116
      }
    ],
    "gateway/src/app/(dashboard)/dashboard/settings/page.tsx": [
      {
        "type": "Base64 High Entropy String",
        "filename": "gateway/src/app/(dashboard)/dashboard/settings/page.tsx",
        "hashed_secret": "4f4b5790a93e9fae594839e0e680475ea699cc5a",
        "is_verified": false,
        "line_number": 224
      }
    ],
    "gateway/src/lib/mcp-gateway/types/_enums.ts": [
      {
        "type": "Secret Keyword",
        "filename": "gateway/src/lib/mcp-gateway/types/_enums.ts",
        "hashed_secret": "665b1e3851eefefa3fb878654292f16597d25155",
        "is_verified": false,
        "line_number": 128
      }
    ],
    "gateway/src/lib/security/error-handler/index.ts": [
      {
        "type": "Basic Auth Credentials",
        "filename": "gateway/src/lib/security/error-handler/index.ts",
        "hashed_secret": "fef341f85d87439e7d91a2d465b9871ef66b5e98",
        "is_verified": false,
        "line_number": 97
      }
    ],
    "gateway/src/lib/security/log-redact/index.ts": [
      {
        "type": "Secret Keyword",
        "filename": "gateway/src/lib/security/log-redact/index.ts",
        "hashed_secret": "fef341f85d87439e7d91a2d465b9871ef66b5e98",
        "is_verified": false,
        "line_number": 331
      }
    ],
    "src/core/auth_service.py": [
      {
        "type": "Secret Keyword",
        "filename": "src/core/auth_service.py",
        "hashed_secret": "362dfba4d2962ba3d2baa7fee37fdbc3c8543dea",
        "is_verified": false,
        "line_number": 35
      }
    ],
    "src/core/code_gen_parts/assembler/_constants.py": [
      {
        "type": "Secret Keyword",
        "filename": "src/core/code_gen_parts/assembler/_constants.py",
        "hashed_secret": "908aa1f247f45d17bf11e75f4cdada913e763e90",
        "is_verified": false,
        "line_number": 27
      }
    ],
    "src/core/executors/servicenow_executor/_auth.py": [
      {
        "type": "Secret Keyword",
        "filename": "src/core/executors/servicenow_executor/_auth.py",
        "hashed_secret": "93b59b336558bf424106fca64c39cfc8f8496f20",
        "is_verified": false,
        "line_number": 21
      },
      {
        "type": "Secret Keyword",
        "filename": "src/core/executors/servicenow_executor/_auth.py",
        "hashed_secret": "9d398a1855a5405d46f7fd8c92a03ca500cee688",
        "is_verified": false,
        "line_number": 23
      }
    ],
    "src/core/logic_blocks/builder_registry.py": [
      {
        "type": "Secret Keyword",
        "filename": "src/core/logic_blocks/builder_registry.py",
        "hashed_secret": "fec27c8c688eb8b57474254237e5be94a8cf9a64",
        "is_verified": false,
        "line_number": 110
      }
    ],
    "src/core/observability/audit/_types.py": [
      {
        "type": "Secret Keyword",
        "filename": "src/core/observability/audit/_types.py",
        "hashed_secret": "f6447ad34e08b11948868304a08f37783d1f8bba",
        "is_verified": false,
        "line_number": 31
      },
      {
        "type": "Secret Keyword",
        "filename": "src/core/observability/audit/_types.py",
        "hashed_secret": "1c3c9f88f0280b4dd8bc4c020fc6f52a140904e8",
        "is_verified": false,
        "line_number": 32
      }
    ],
    "src/core/shared/db_adapters/_postgresql.py": [
      {
        "type": "Basic Auth Credentials",
        "filename": "src/core/shared/db_adapters/_postgresql.py",
        "hashed_secret": "2315de3fe74884d799299b8a9ce3a9576b16a5dd",
        "is_verified": false,
        "line_number": 29
      },
      {
        "type": "Basic Auth Credentials",
        "filename": "src/core/shared/db_adapters/_postgresql.py",
        "hashed_secret": "9d4e1e23bd5b727046a9e3b4b7db57bd8d6ee684",
        "is_verified": false,
        "line_number": 39
      }
    ],
    "src/core/shared/db_initializer.py": [
      {
        "type": "Secret Keyword",
        "filename": "src/core/shared/db_initializer.py",
        "hashed_secret": "9ff2115cd09c695c8a71e78b785fa4f3c25cc937",
        "is_verified": false,
        "line_number": 75
      }
    ],
    "src/core/test_generator/_codegen_mixin.py": [
      {
        "type": "Secret Keyword",
        "filename": "src/core/test_generator/_codegen_mixin.py",
        "hashed_secret": "bd1f60cab99fe8f75b9102d9f471a45d6b235e04",
        "is_verified": false,
        "line_number": 81
      }
    ],
    "src/templates/dna/domain_expert_rules/_education_finance.yaml": [
      {
        "type": "Secret Keyword",
        "filename": "src/templates/dna/domain_expert_rules/_education_finance.yaml",
        "hashed_secret": "3a8e6907961f3910a9b8d81c39e60753637084d5",
        "is_verified": false,
        "line_number": 251
      }
    ],
    "src/templates/dna/logic_modules/_core_modules.yaml": [
      {
        "type": "Secret Keyword",
        "filename": "src/templates/dna/logic_modules/_core_modules.yaml",
        "hashed_secret": "5f36b85342aab542517bc61ff10e97e70f199f85",
        "is_verified": false,
        "line_number": 143
      }
    ],
    "tests/test_phase_fg.py": [
      {
        "type": "Basic Auth Credentials",
        "filename": "tests/test_phase_fg.py",
        "hashed_secret": "9d4e1e23bd5b727046a9e3b4b7db57bd8d6ee684",
        "is_verified": false,
        "line_number": 161
      },
      {
        "type": "Basic Auth Credentials",
        "filename": "tests/test_phase_fg.py",
        "hashed_secret": "e5e9fa1ba31ecd1ae84f75caaa474f3a663f05f4",
        "is_verified": false,
        "line_number": 162
      },
      {
        "type": "JSON Web Token",
        "filename": "tests/test_phase_fg.py",
        "hashed_secret": "92a800fa68609f76bfe58e926106352467d3ae8c",
        "is_verified": false,
        "line_number": 395
      },
      {
        "type": "Basic Auth Credentials",
        "filename": "tests/test_phase_fg.py",
        "hashed_secret": "5baa61e4c9b93f3f0682250b6cf8331b7ee68fd8",
        "is_verified": false,
        "line_number": 406
      }
    ],
    "tests/test_postgresql_e2e.py": [
      {
        "type": "Basic Auth Credentials",
        "filename": "tests/test_postgresql_e2e.py",
        "hashed_secret": "2315de3fe74884d799299b8a9ce3a9576b16a5dd",
        "is_verified": false,
        "line_number": 44
      },
      {
        "type": "Basic Auth Credentials",
        "filename": "tests/test_postgresql_e2e.py",
        "hashed_secret": "9d4e1e23bd5b727046a9e3b4b7db57bd8d6ee684",
        "is_verified": false,
        "line_number": 652
      },
      {
        "type": "Basic Auth Credentials",
        "filename": "tests/test_postgresql_e2e.py",
        "hashed_secret": "f5592f2e12a03812f94594899ae143bd47b01671",
        "is_verified": false,
        "line_number": 682
      }
    ],
    "tests/test_voice_pipeline_types.py": [
      {
        "type": "Secret Keyword",
        "filename": "tests/test_voice_pipeline_types.py",
        "hashed_secret": "e9a5f12a8ecbb3eb46eca5096b5c52aa5e7c9fdd",
        "is_verified": false,
        "line_number": 209
      }
    ],
    "zenic-v2/zenic-bench/benches/hitl_lifecycle.rs": [
      {
        "type": "Hex High Entropy String",
        "filename": "zenic-v2/zenic-bench/benches/hitl_lifecycle.rs",
        "hashed_secret": "75f3be87351a63f1c2f677632838f9e2be066891",
        "is_verified": false,
        "line_number": 36
      }
    ],
    "zenic-v2/zenic-subscription/src/engine/lifecycle.rs": [
      {
        "type": "Base64 High Entropy String",
        "filename": "zenic-v2/zenic-subscription/src/engine/lifecycle.rs",
        "hashed_secret": "f8ef7d5f5d515a3eacb68a6f228d1fa2d9a0f80d",
        "is_verified": false,
        "line_number": 344
      },
      {
        "type": "Hex High Entropy String",
        "filename": "zenic-v2/zenic-subscription/src/engine/lifecycle.rs",
        "hashed_secret": "c0174d8dfe9687a8f29297449712d6ba12ed2bc3",
        "is_verified": false,
        "line_number": 377
      }
    ],
    "zenic-v2/zenic-subscription/src/engine/queries.rs": [
      {
        "type": "Base64 High Entropy String",
        "filename": "zenic-v2/zenic-subscription/src/engine/queries.rs",
        "hashed_secret": "f8ef7d5f5d515a3eacb68a6f228d1fa2d9a0f80d",
        "is_verified": false,
        "line_number": 80
      }
    ],
    "zenic-v2/zenic-subscription/src/engine/tests.rs": [
      {
        "type": "Base64 High Entropy String",
        "filename": "zenic-v2/zenic-subscription/src/engine/tests.rs",
        "hashed_secret": "f8ef7d5f5d515a3eacb68a6f228d1fa2d9a0f80d",
        "is_verified": false,
        "line_number": 13
      },
      {
        "type": "Hex High Entropy String",
        "filename": "zenic-v2/zenic-subscription/src/engine/tests.rs",
        "hashed_secret": "c0174d8dfe9687a8f29297449712d6ba12ed2bc3",
        "is_verified": false,
        "line_number": 46
      }
    ],
    "zenic-v2/zenic-subscription/src/payment/processor.rs": [
      {
        "type": "Hex High Entropy String",
        "filename": "zenic-v2/zenic-subscription/src/payment/processor.rs",
        "hashed_secret": "c0174d8dfe9687a8f29297449712d6ba12ed2bc3",
        "is_verified": false,
        "line_number": 218
      }
    ],
    "zenic-v2/zenic-subscription/src/payment/tests.rs": [
      {
        "type": "Hex High Entropy String",
        "filename": "zenic-v2/zenic-subscription/src/payment/tests.rs",
        "hashed_secret": "c0174d8dfe9687a8f29297449712d6ba12ed2bc3",
        "is_verified": false,
        "line_number": 16
      }
    ]
  },
  "generated_at": "2026-05-24T17:34:25Z"
}
